src/components/admin/AdminDashboardPage.tsx(4125,15): error TS17002: Expected corresponding JSX closing tag for 'Tabs'.
src/components/admin/AdminDashboardPage.tsx(4127,11): error TS17002: Expected corresponding JSX closing tag for 'div'.
src/components/admin/AdminDashboardPage.tsx(4128,7): error TS1005: ')' expected.
src/components/admin/AdminDashboardPage.tsx(4129,5): error TS1128: Declaration or statement expected.
src/components/admin/AdminDashboardPage.tsx(4130,3): error TS1109: Expression expected.
